{"__type": "theme", "name": "物理学术蓝", "bg_color": "#0F172A", "primary": "#38BDF8", "secondary": "#64748B", "accent": "#F59E0B", "text_color": "#F1F5F9"}
{"__type": "page", "page_index": 1, "layout_type": "cover", "title": "刚体运动规律与角动量守恒", "speaker_notes": "同学们好，今天我们来学习刚体运动的相关规律，重点掌握角动量守恒定律的应用。", "elements": [{"element_id": "e1", "type": "subtitle", "position": "center", "content": ["大学物理 · 力学模块"], "is_accent": false}]}
{"__type": "page", "page_index": 2, "layout_type": "minimal_list", "title": "课程目录", "speaker_notes": "本次课程我们将从刚体基础概念出发，逐步学习运动分类、角动量相关定理，最后拓展到进动现象。", "elements": [{"element_id": "e1", "type": "list", "position": "full", "content": ["刚体基本概念与运动分类", "角动量、力矩的核心定义", "角动量定理与守恒定律", "转动惯量与进动现象解析"], "is_accent": false}]}
{"__type": "page", "page_index": 3, "layout_type": "two_column", "title": "刚体基本概念", "speaker_notes": "首先我们了解什么是刚体，刚体是力学中的理想化模型。", "elements": [{"element_id": "e1", "type": "list", "position": "left", "content": ["理想化模型：受力时任意两点间距离保持不变，忽略形变", "是固体的近似简化，适用于形变可忽略的力学场景", "运动可分解为平动与转动两种基本形式"], "is_accent": false}, {"element_id": "img1", "type": "image", "position": "right", "query": "刚体理想化模型结构示意图", "alt": "刚体结构示意图", "content": [], "is_accent": false}]}
{"__type": "page", "page_index": 4, "layout_type": "two_column", "title": "刚体运动分类", "speaker_notes": "刚体的运动分为平动和转动，转动又可以进一步分为定轴转动和定点转动。", "elements": [{"element_id": "e1", "type": "list", "position": "left", "content": ["平动：运动过程中任意两点连线始终平行，所有点速度、加速度相同", "定轴转动：所有点绕固定转轴做圆周运动，如齿轮、风扇转动", "定点转动：转轴上一点固定，方向随时间变化，如陀螺、回转仪运动"], "is_accent": false}, {"element_id": "img1", "type": "image", "position": "right", "query": "刚体平动与定轴转动对比示意图", "alt": "刚体运动示意图", "content": [], "is_accent": false}]}
{"__type": "page", "page_index": 5, "layout_type": "two_column", "title": "角动量与力矩定义", "speaker_notes": "要研究刚体转动，我们需要引入角动量和力矩两个核心物理量。", "elements": [{"element_id": "e1", "type": "list", "position": "left", "content": ["角动量：描述物体转动状态的物理量，定义为 $\vec{L} = \vec{r} \\times \vec{p}$，刚体定轴转动时可简化为 $L = J\\omega$", "力矩：改变转动状态的原因，类似平动中的力，定义为 $\vec{M} = \vec{r} \\times \vec{F}$，大小为 $M = rF\\sin\\alpha$"], "is_accent": false}, {"element_id": "img1", "type": "image", "position": "right", "query": "力矩与力臂关系示意图", "alt": "力矩示意图", "content": [], "is_accent": false}]}
{"__type": "page", "page_index": 6, "layout_type": "minimal_list", "title": "角动量定理与守恒定律", "speaker_notes": "接下来我们学习角动量定理，以及非常重要的角动量守恒定律。", "elements": [{"element_id": "e1", "type": "list", "position": "full", "content": ["角动量定理：质点/质点系对某参考点的角动量变化率等于合外力矩，即 $\vec{M} = \\frac{d\vec{L}}{dt}$", "冲量矩：外力矩对时间的累积，满足 $\int_{t_1}^{t_2}\vec{M}dt = \vec{L_2} - \vec{L_1}$", "角动量守恒：当系统合外力矩为0时，系统总角动量保持不变，是自然界三大守恒律之一"], "is_accent": false}]}
{"__type": "page", "page_index": 7, "layout_type": "two_column", "title": "转动惯量与平行轴定理", "speaker_notes": "转动惯量是刚体转动中惯性的量度，类似平动中的质量。", "elements": [{"element_id": "e1", "type": "list", "position": "left", "content": ["定义：刚体对定轴的转动惯量为 $J = \int_V r^2 dm$，与质量分布、转轴位置有关", "平行轴定理：若两轴平行距离为d，对质心轴转动惯量为$J_c$，则对另一轴转动惯量为 $J = J_c + md^2$", "常见形状的转动惯量可通过公式推导或查表获得"], "is_accent": false}, {"element_id": "e2", "type": "text_block", "position": "right", "content": ["| 刚体形状 | 转轴 | 转动惯量 |\n| ---- | ---- | ---- |\n| 均质薄圆环 | 中心垂直环面 | $mR^2$ |\n| 均质圆柱 | 中心垂直底面 | $\\frac{1}{2}mR^2$ |\n| 均质细杆 | 杆中点 | $\\frac{1}{12}mL^2$ |\n| 均质球体 | 直径 | $\\frac{2}{5}mR^2$ |"], "is_accent": false}]}
{"__type": "page", "page_index": 8, "layout_type": "minimal_list", "title": "课程总结与思考题", "speaker_notes": "今天的内容就到这里，我们来回顾一下重点，大家课后思考这几个问题。", "elements": [{"element_id": "e1", "type": "list", "position": "full", "content": ["核心概念：刚体、角动量、力矩、转动惯量、角动量守恒", "思考题1：花样滑冰运动员旋转时收拢手臂转速变快，用角动量守恒原理解释该现象", "思考题2：推导均质细杆对端点的转动惯量，验证平行轴定理", "思考题3：试分析自行车行驶过程中保持平衡的角动量相关原理"], "is_accent": false}]}
{"__type": "word_start"}
## 刚体运动规律与角动量守恒 课程讲义
### 一、刚体基本概念
刚体是力学中的理想化模型，定义为“在力的作用下，任意两点间距离始终保持不变的物体”，忽略了实际固体的形变效应，适用于形变可忽略的力学分析场景。刚体的运动可以分解为平动和转动两种基本形式：
1. 平动：运动过程中刚体上任意两点的连线始终保持平行，所有点的速度、加速度完全相同，可等效为质心的平动
2. 转动：刚体上所有点绕同一条直线做圆周运动，该直线称为转轴；转轴固定时为定轴转动（如齿轮、风扇），转轴仅一点固定、方向随时间变化时为定点转动（如陀螺、回转仪）

### 二、角动量与力矩核心定义
为了描述转动状态和转动状态的改变，我们引入两个核心物理量：
1. **角动量$\vec{L}$**：描述物体转动状态的物理量，质点的角动量定义为位置矢量与动量的叉乘 $\vec{L} = \vec{r} \times \vec{p}$，大小为 $L = rp\sin\theta$，方向满足右手螺旋定则。对于定轴转动的刚体，角动量可简化为标量形式 $L = J\omega$，其中$J$为转动惯量，$\omega$为角速度。
2. **力矩$\vec{M}$**：改变物体转动状态的原因，对应平动中的力，定义为位置矢量与力的叉乘 $\vec{M} = \vec{r} \times \vec{F}$，大小为 $M = rF\sin\alpha = Fd$，其中$d$为力臂，即转轴到力的作用线的垂直距离。

### 三、角动量定理与守恒定律
1. **角动量定理**：质点或质点系对某一参考点的角动量随时间的变化率，等于作用在系统上的合外力对同一参考点的力矩，即 $\vec{M} = \frac{d\vec{L}}{dt}$，该定理对质点和质点系均成立。
2. **冲量矩**：外力矩对时间的累积效应，称为冲量矩，满足 $\int_{t_1}^{t_2}\vec{M}dt = \vec{L_2} - \vec{L_1}$，对应平动中的冲量定理。
3. **角动量守恒定律**：当系统所受的合外力矩为0时，系统的总角动量保持不变。角动量守恒是自然界三大基本守恒定律之一，广泛应用于天体运动、工程回转仪、花样滑冰等场景。

### 四、转动惯量与平行轴定理
转动惯量$J$是刚体转动惯性的量度，对应平动中的质量，定轴转动刚体的转动惯量定义为 $J = \int_V r^2 dm$，其大小与刚体的总质量、质量分布、转轴的位置均有关。
对于平行于质心轴的转轴，我们可以通过平行轴定理快速计算转动惯量：若两平行轴间距为$d$，刚体对质心轴的转动惯量为$J_c$，则对另一轴的转动惯量为 $J = J_c + md^2$。
常见均质刚体的转动惯量可以通过查表获得，例如薄圆环对中心垂直轴的转动惯量为$mR^2$，圆柱对中心垂直轴的转动惯量为$\frac{1}{2}mR^2$，细杆对中点的转动惯量为$\frac{1}{12}mL^2$。

### 五、课后思考
1. 花样滑冰运动员做旋转动作时，收拢手臂转速会明显加快，展开手臂转速减慢，请用角动量守恒原理解释该现象。
2. 已知均质细杆对中点的转动惯量为$\frac{1}{12}mL^2$，用平行轴定理推导细杆对端点的转动惯量，并通过积分直接计算验证结果。
3. 自行车行驶过程中能够保持平衡，与角动量效应密切相关，试分析其背后的物理原理。
{"__type": "done"}